{
  "pass": 83,
  "fail": 7,
  "other": 0,
  "total_scored": 90,
  "score": 92.22,
  "min_score": 90.0,
  "meets_floor": true,
  "gate_pass": true,
  "enforce": true,
  "failures": [
    "accounts_password_pam_modules_in_authselect_profile",
    "accounts_umask_etc_bashrc",
    "accounts_umask_etc_profile",
    "configure_custom_crypto_policy_cis",
    "disable_weak_deps",
    "no_files_or_dirs_ungroupowned",
    "use_pam_wheel_group_for_su"
  ],
  "regressions": [],
  "baseline": null,
  "openscap_line": "OpenSCAP: pass=83 fail=7 score=92.2% (target 90%)"
}
